// Jest Snapshot v1, https://goo.gl/fbAQLP

exports[`Display page when user is signed in 1`] = `
<div
  className="root"
>
  <h1
    className="title"
  >
    Account information
  </h1>
  <ul
    className="list"
  >
    <li>
      <strong>
        First name: 
      </strong>
      <span>
        Marcin
      </span>
    </li>
    <li>
      <strong>
        Last name: 
      </strong>
      <span>
        Kwiatkowski
      </span>
    </li>
  </ul>
</div>
`;

exports[`Redirects when not authenticated 1`] = `
<mock-Redirect
  to="/"
/>
`;
